[   0.00000] Initializing cgroup subsys cpuset
[    0.000000] Initializing cgroup susys cp
[    00000] Itilizig roupsuys cpuact
[    0.000000] Linux version 4.4.0-112-generic (buildd@lgw01-amd64-010) (gcc version 5.4.0 20160609 (Ubuntu 5.4.0-6ubuntu1~16.04.5) ) #135-UbuntuSMP Fri Jan 19 11:48:36 UTC 2018 (Ubuntu 4.4.0-112.135-genic 4.4.)
[   000000] Command line: BOOT_IMAGE=/boot/vmlinuz-4.4.0-112-generic root=LABEL=cloudimg-rootfs ro console=tty1 console=ttyS0
[    0.000000] KERNEL supported cpus:
[    0.000000]   Intel GenuineIntel
[    0.000000]   AMD AuthenticAMD
[    0.000000]   Centaur CentaurHauls
[    0.000000] x86/fpu: xstate_offset[2]:  576, xstate_sizes[2]:  256
[    0.000000] x86/fpu: Supporting XSAVE feature 001'x87 fltig pot registers'
[    0.000000] x86/fpu: Supporting XSAVE feature 0x02: 'SSE registers'
[    0.000000] x86/fpu: Supporting XSAVE feature 0x04: 'AVX registers'
[    0.000000] x86/fpu: Enabled xstate features 0x7, context size is 832 bytes, using 'standard' format.
[    0.000000] x86/fpu: Using 'lazy' FPU context switches.
[    0.000000] e820: BIOS-provided physical RAM map:
[    0.000000] BIOS-e820: [mem 0x0000000000000000-0x000000000009fbff] usable
[    0.000000] BIOS-e820:[mem 0x0000009f00-0x000000009fffreserd
[    0.000] BIOSe8: [mem0x000000000f0000-0x00000000000fffff] reserve
[    0.000000] BIOS-e820: [mem 0x0000000000100000-0x00000000feffff] abe
[    0.000] BIOS-e820: [mem 0x000000003fff0000-0x000000003fffffff] ACPI data
[    0.000000] BIOS-e820: [mem 0x00000000fec00000-0x00000000fec00fff] reserved
[    0.000000] BIOS-e820: [mem 0x00000000fee00000-0x00000000fee00fff] reserved
[    0.000000] BIOS-e820: [mm 0x00000000fffc000-0x00000000fffffff]esrved
   0.000000] NX (Execute Disable) protectio active
[    0.000000] SMBIOS 2.5 present.
[    0.000000] Hypervisor detected:KVM
[    000000]82: lt_fn = 0x3f0max_chpfn 040000000
[   .000000]MT: isabld[    .0000]x8/PAT: TRR disbld,skippig ATinitilitiontoo.
[    0.000000] CU MTRRs all ban -irtuazed system.
    0000000] x8PAT:Coigurti [0-7]:B WT  C-C  WB WTUC- U 
[  0.000000] found SM Mtable at [m 0x009f0-0x00fff] mapped at [ffff88000009fff0]
[    0.000000] Scanning 1 areas for low memy corrptn
[  0.00000] RAMDISK: me0x36ac0-0x3765f]
  0.000000ACI: Earlyabe checumverifiatn disable
    0.0000] ACPI: RSDP 0x00000000000E0000 000024 (v02 VBOX  )
[    0.000000] ACPI: XST 0x000003FF03 0000 (01 VBOX   VBOXXSDT 00000001 ASL  00000061)
[    0.000000] ACPI: FACP 0x000000003FFF00F0 0000F4 (v04 VBOX   VBOXFACP 00000001 ASL  00000061)
[    0.000000] ACPI: DSDT 0x000000003FFF0470 0021FF (v02 VBOX   VBOXBIOS 00000002 INTL 20100528)
[    0.000000] ACPI: FACS 0x000000003FFF0200 000040
[    0.000000] ACPI: FACS 0x000000003FFF0200 000040
[    0.000000] ACPI: APIC 0x000000003FFF0240 00005C (v02 VBOX   VBOXAPIC 00000001 ASL  00000061)
[    0.000000] ACPI: SSDT 0x000000003FFF02A0 0001CC (v01 VBOX   VBOXCPUT 00000002 INTL 20100528)
[    0.000] N NA cofiratii fnd
[    0.000000] Faking a node at [mem 0x0000000000000000-0x000000003ffeffff]
[    0.000000] NODE_DATA(0) allocated [mem 0x3ffeb000-0x3ffeffff]
[    0.000000] kvm-clock: Using msrs 4b564d01 and 4b564d00
[    0.000000] kvm-clock: cpu 0, msr 0:3ffe3001,primary cpu clock
[    0000000]kvm-clock:usg sche oset o33601038ycles
  0.00000clockure: km-ock: as 0xfffffffffffffax_ccls:0x1c42dffb, max_idle_ns: 881590591483 ns
[    0.000000] Zone ranges:
[   000000]   DMA      [mem 0x0000000000100x00000000fffff][   0.000000]   DMA32    [mem 0x0000000001000000-0x0000003ffefff]
[    .000000]   Normal epty    .0000]   Device   empty
[    0.0000] Movaleone star fr eah de
    0.000000] Early memory node ranges
[    0.000000]   node   0: [mem 0x0000000000001000-0x000000000009efff]
[    0.000000]   node   0: [mem 0x0000000000100000-0x000000003ffeffff]
[    0.000000] Initmem setup node 0 [mem 0x0000000000001000-0x000000003ffeffff]
[    0.000000] ACPI: PM-Timer IO Port: 0x4008
[    0.000000] IOAPIC[0]: apic_id 2, version 32, address 0xfec00000, GSI 0-23
[    0.000000] ACPI: INT_SRC_OVR(bs 0 usrq 0 global_irq 2 dfl dfl)
[    0.000000] ACPI: INT_SRC_OVR (bus 0 bus_irq 9 global_irq 9 low ev)
[   .00000 Ung APIMADT)for SMP configuaton informtin
[  000000]mpbot:llowg 2 CPUs,0 tplug PU
[    000000] : egteed noavmemory: em0x00000-0x000ff]
  0.0000 PM: giterednove mmory:[mm 0x00000-0x009fff]
[   0.0000 P: Regited nosave memory: [mem 0x000000-0x000fff]
[  0000000 P Regiser nosveemor [em0x0f0000x00ffff]
[    0.0000] e82: em 0x400000-0febffff] available for PCI devices
[    0.000000] Booting paravirtualized kernel on KVM
[    0.000000] clocksource: refined-jiffies: mask: 0xffffffff max_cycl: 0xfffff, max_id_ns: 76455160211568 s[    0.0000] et_percpu: N_CUS:512nrcpumask_ts512 r_puids:2 nr_no_ids1[    0.000] PERCPU: Embedded 34pages/cpu @fff8003f0000s9954 192 d3128u1048576
[   .000000 PV qspiock hshable entries: 256 (order: 0, 4096 bytes)
[    0.000000] Built 1 zonelists in Node order, mobility grouping on.  Total pages: 257913
[    0.000000] Policy zone: DMA32
[    0.000000] Kernel command line: BOOT_IMAGE=/boot/vmlinuz-4.4.0-112-generic root=LAELloudimg-rootfs ro console=tty1 console=ttyS0
[    0.000000] PID hash table entries: 4096 (order: 3, 32768 bytes)
[    0.000000] Memory: 1001740K/104812K ailale8499 knel code139K rda, 398K data 158K init, 1316K bss, 4630Kreered 0K maeserd)
[    .0000]LU: HWaign=64, Order=0-3, MinObjects=0, CPUs=2, Nodes=1
[    0.000000] Kernel/User page tables isolation: enabled
[    0.000000] Hierarchical RCU implementation.
[    0.000000] 	Build-timeadjustment of leaf fanout to 64.
[    0.000000] 	RCU restricting CPUs from NR_CPUS=512 to nr_cpu_id2.
[    0.000000] RCU: Adjusting geometry for rcu_fanout_leaf=64, nr_cpu_ids=2
[    0.000000] NR_IRQS:33024 nr_irqs:440 16
[    0.000000] Console: colour VGA+ 80x25
[    0.000000] console [tty1] enabled
[    0.000000] console [ttyS0] enabled
[    0.000000] tsc: Detected 1599.999 MHz processor
[   10.721701] Calibrating delay loop (skipped) preset value.. 3199.99 BogoMIPS (lpj=6399996)
[   10.751299] pid_max: default: 32768 minimum: 301
[   10.752647] ACPI: Core revision 20150930
[   10.762668] ACPI: 2 ACPI AML tables successfully acquired and loaded
[   10.784295] Security Framework initialized
[   10.794746] Yama: becoming mindful.
[   10.846926] AppArmor: AppArmor initialized
[   10.848221] Dentry cache hash table entries: 131072 (order: 8, 1048576 bytes)
[   10.861175] Inode-cache hash table entries: 65536 (order: 7, 524288 bytes)
[   10.881217] Mount-cache hash table entries: 2048 (order: 2, 16384 bytes)
[   10.885440] Mountpoint-cache hash table entries: 2048 (order: 2, 16384 bytes)
[   10.931919] Initializing cgroup subsys io
[   10.933087] Initializing cgroup subsys memory
[   10.949849] Initializing cgroup subsys devices
[   10.951007] Initializing cgroup subsys freezer
[   10.952158] Initializing cgroup subsys net_cls
[   10.967092] Initializing cgroup subsys perf_event
[   10.968687] Initializing cgroup subsys net_prio
[   10.975643] Initializing cgroup subsys hugetlb
[   11.032009] Initializing cgroup subsys pids
[   11.085491] CPU: Physical Processor ID: 0
[   11.092434] CPU: Processor Core ID: 0
[   11.093639] FEATURE SPEC_CTRL Not Present
[   11.095686] mce: CPU supports 0 MCE banks
[   11.107975] Last level iTLB entries: 4KB 64, 2MB 8, 4MB 8
[   11.109363] Last level dTLB entries: 4KB 64, 2MB 0, 4MB 0, 1GB 4
[   11.112974] Freeing SMP alternatives memory: 32K
[   11.131186] ftrace: allocating 32180 entries in 126 pages
[   11.220146] smpboot: APIC(0) Converting physical 0 to logical package 0
[   11.246271] smpboot: Max logical packages: 1
[   11.247997] x2apic enabled
[   11.249076] Switched APIC routing to physical x2apic.
[   11.251572] ..TIMER: vector=0x30 apic1=0 pin1=2 apic2=-1 pin2=-1
[   11.369140] smpboot: CPU0: Intel(R) Core(TM) i5-5250U CPU @ 1.60GHz (family: 0x6, model: 0x3d, stepping: 0x4)
[   11.501799] Performance Events: unsupported p6 CPU model 61 no PMU driver, software events only.
[   11.578360] KVM setup paravirtual spinlock
[   11.580440] x86: Booting SMP configuration:
[   11.606463] .... node  #0, CPUs:      #1
[   11.653542] kvm-clock: cpu 1, msr 0:3ffe3041, secondary cpu clock
[   11.669816] mce: CPU supports 0 MCE banks
[   11.686617] x86: Booted up 1 node, 2 CPUs
[   11.735134] smpboot: Total of 2 processors activated (6399.99 BogoMIPS)
[   11.818396] devtmpfs: initialized
[   11.856451] evm: security.selinux
[   11.881033] evm: security.SMACK64
[   11.919427] evm: security.SMACK64EXEC
[   11.957599] evm: security.SMACK64TRANSMUTE
[   11.998779] evm: security.SMACK64MMAP
[   12.003718] evm: security.ima
[   12.004676] evm: security.capability
[   12.006007] clocksource: jiffies: mask: 0xffffffff max_cycles: 0xffffffff, max_idle_ns: 7645041785100000 ns
[   12.008638] futex hash table entries: 512 (order: 3, 32768 bytes)
[   12.010447] pinctrl core: initialized pinctrl subsystem
[   12.012008] RTC time: 10:35:40, date: 01/30/18
[   12.030455] NET: Registered protocol family 16
[   12.049868] cpuidle: using governor ladder
[   12.106001] cpuidle: using governor menu
[   12.144199] PCCT header not found.
[   12.180279] ACPI: bus type PCI registered
[   12.198938] acpiphp: ACPI Hot Plug PCI Controller Driver version: 0.5
[   12.219045] PCI: Using configuration type 1 for base access
[   12.286060] ACPI: Added _OSI(Module Device)
[   12.321363] ACPI: Added _OSI(Processor Device)
[   12.332486] ACPI: Added _OSI(3.0 _SCP Extensions)
[   12.355017] ACPI: Added _OSI(Processor Aggregator Device)
[   12.362376] ACPI: Executed 1 blocks of module-level executable AML code
[   12.394358] ACPI: Interpreter enabled
[   12.412354] ACPI: (supports S0 S5)
[   12.434773] ACPI: Using IOAPIC for interrupt routing
[   12.450440] PCI: Using host bridge windows from ACPI; if necessary, use "pci=nocrs" and report a bug
[   12.518220] ACPI: PCI Root Bridge [PCI0] (domain 0000 [bus 00-ff])
[   12.564151] acpi PNP0A03:00: _OSC: OS supports [ASPM ClockPM Segments MSI]
[   12.603324] acpi PNP0A03:00: _OSC: not requesting OS control; OS requires [ExtendedConfig ASPM ClockPM MSI]
[   12.712228] acpi PNP0A03:00: fail to add MMCONFIG information, can't access extended PCI configuration space under this bridge.
[   12.806336] PCI host bridge to bus 0000:00
[   12.836310] pci_bus 0000:00: root bus resource [io  0x0000-0x0cf7 window]
[   12.869402] pci_bus 0000:00: root bus resource [io  0x0d00-0xffff window]
[   12.944618] pci_bus 0000:00: root bus resource [mem 0x000a0000-0x000bffff window]
[   12.990944] pci_bus 0000:00: root bus resource [mem 0x40000000-0xfdffffff window]
[   13.069475] pci_bus 0000:00: root bus resource [bus 00-ff]
[   13.098703] pci 0000:00:01.1: legacy IDE quirk: reg 0x10: [io  0x01f0-0x01f7]
[   13.162937] pci 0000:00:01.1: legacy IDE quirk: reg 0x14: [io  0x03f6]
[   13.203411] pci 0000:00:01.1: legacy IDE quirk: reg 0x18: [io  0x0170-0x0177]
[   13.217180] pci 0000:00:01.1: legacy IDE quirk: reg 0x1c: [io  0x0376]
[   13.285176] pci 0000:00:07.0: quirk: [io  0x4000-0x403f] claimed by PIIX4 ACPI
[   13.364768] pci 0000:00:07.0: quirk: [io  0x4100-0x410f] claimed by PIIX4 SMB
[   13.457215] ACPI: PCI Interrupt Link [LNKA] (IRQs 5 9 10 *11)
[   13.511140] ACPI: PCI Interrupt Link [LNKB] (IRQs 5 9 *10 11)
[   13.562794] ACPI: PCI Interrupt Link [LNKC] (IRQs 5 *9 10 11)
[   13.577774] ACPI: PCI Interrupt Link [LNKD] (IRQs 5 9 10 *11)
[   13.587628] ACPI: Enabled 2 GPEs in block 00 to 07
[   13.597228] vgaarb: setting as boot device: PCI:0000:00:02.0
[   13.609027] vgaarb: device added: PCI:0000:00:02.0,decodes=io+mem,owns=io+mem,locks=none
[   13.652271] vgaarb: loaded
[   13.670478] vgaarb: bridge control possible 0000:00:02.0
[   13.672522] SCSI subsystem initialized
[   13.679335] ACPI: bus type USB registered
[   13.703222] usbcore: registered new interface driver usbfs
[   13.704776] usbcore: registered new interface driver hub
[   13.726439] usbcore: registered new device driver usb
[   13.733484] PCI: Using ACPI for IRQ routing
[   13.777183] NetLabel: Initializing
[   13.791959] NetLabel:  domain hash size = 128
[   13.847268] NetLabel:  protocols = UNLABELED CIPSOv4
[   13.885409] NetLabel:  unlabeled traffic allowed by default
[   13.923995] amd_nb: Cannot enumerate AMD northbridges
[   13.925531] clocksource: Switched to clocksource kvm-clock
[   13.9361] pAorApprm FesteEnle
[ 14880] pp: PnP ACPI init
[  14.682801] pnp: PP ACPI:ou 3eves

[   14.994162] clocksource: acpi_pm: mask: 0xffffff max_cycles: 0xffffff, max_idle_ns: 2085701024 ns
[   15.094044] NET: Registered protocol family 2
[   15.145385] TCP established hash table entries: 8192 (order: 4, 65536 bytes)
[   15.169071] TCP bind hash table entries: 8192 (order: 5, 131072 bytes)
[   15.202172] TCP: Hash tables configured (established 8192 bind 8192)
[   15.309716] UDP hash table entries: 512 (order: 2, 16384 bytes)
[   15.311721] UDP-Lite hash table entries: 512 (order: 2, 16384 bytes)
[   15.313725] NET: Registered protocol family 1
[   15.331630] pci 0000:00:00.0: Limiting direct PCI/PCI transfers
[   15.495128] pci 0000:00:01.0: Activating ISA DMA hang workarounds
[   15.657899] Unpacking initramfs...
[   17.791826] Freeing initrd memory: 10792K
[   17.869764] RAPL PMU detected, API unit is 2^-32 Joules, 4 fixed counters 10737418240 ms ovfl timer
[   18.003060] hw unit of domain pp0-core 2^-0 Joules
[   18.069752] hw unit of domain package 2^-0 Joules
[   18.081166] hw unit of domain dram 2^-0 Joules
[   18.092144] hw unit of domain pp1-gpu 2^-0 Joules
[   18.100112] platform rtc_cmos: registered platform RTC device (no PNP device found)
[   18.167127] Scaaning for low memory corruption every 60 seconds
[   18.226371] audit: initializing netlink subsys (disabled)
[   18.287015] audit: type=2000 audit(1517308537.779:1): initialized
[   18.379407] Initialise system trusted keyring
[   18.422678] HugeTLB registered 2 MB page size, pre-allocated 0 pages
[   18.496748] bu lded
[   1.690 V: isquasquot_6.6.0
[   19.010967] VFS: Dqt-chhash tleenie 5 (de0,409 bytes)
[   19.655508] tsc: Refined TSC clocksource calibration: 1600.033 MHz
[   19.657034] clocksource: tsc: mask: 0xffffffffffffffff max_cycles: 0x1710442550c, max_idle_ns: 440795273615 ns
[   19.659878] squashfs: version 4.0 (2009/01/31) Phillip Lougher
[ 19611]usint PIeron.23)
[   20.165227] Key type big_key registered
[   20.233965] Allocating IMA MOK and blacklist keyrings.
[   20.310854] Key type asymmetric registered
[   20.319529] Asymmetric key parser 'x509' registered
[   20.330773] Block layer SCSI generic (bsg) driver version 0.4 loaded (major 249)
[   20.345360] io scheduler noop registered
[   20.352753] io scheduler deadline registered (default)
[   20.373845] io scheduler cfq registered
[   20.435587] pci_hotplug: PCI Hot Plug PCI Core version: 0.5
[   20.533545] pciehp: PCI Express Hot Plug Controller Driver version: 0.4
[   20.535823] ACPI: AC Adapter [AC] (off-line)
[   20.623664] input: Power Button as /devices/LNXSYSTM:00/LNXPWRBN:00/input/input0
[   20.741505] ACPI: Power Button [PWRF]
[   20.853040] input: Sleep Button as /devices/LNXSYSTM:00/LNXSLPBN:00/input/input1
[   21.005355] ACPI: Sleep Button [SLPF]
[   21.033721] GHES: HEST is not enabled!
[   21.035308] ACPI: Battery Slot [BAT0] (battery present)
[   21.173551] Serial: 8250/16550 driver, 32 ports, IRQ sharing enabled
[   21.281591] 00:02: ttyS0 at I/O 0x3f8 (irq = 4, base_baud = 115200) is a 16550A
[   21.347462] Linux agpgart interface v0.103
[   21.434228] loop: module loaded
[   21.443928] scsi host0: ata_piix
[   21.459969] scsi host1: ata_piix
[   21.464937] ata1: PATA max UDMA/33 cmd 0x1f0 ctl 0x3f6 bmdma 0xd000 irq 14
[   21.485946] ata2: PATA max UDMA/33 cmd 0x170 ctl 0x376 bmdma 0xd008 irq 15
[   21.543354] libphy: Fixed MDIO Bus: probed
[   21.622130] tun: Universal TUN/TAP device driver, 1.6
[   21.764945] tun: (C) 1999-2004 Max Krasnyansky <maxk@qualcomm.com>
[   21.925688] PPP generic driver version 2.4.2
[   21.926885] ehci_hcd: USB 2.0 'Enhanced' Host Controller (EHCI) Driver
[   21.928531] ehci-pci: EHCI PCI platform driver
[   21.929730] ehci-platform: EHCI generic platform driver
[   21.992936] ohci_hcd: USB 1.1 'Open' Host Controller (OHCI) Driver
[   22.054549] ohci-pci: OHCI PCI platform driver
[   22.134793] ohci-platform: OHCI generic platform driver
[   22.212920] uhci_hcd: USB Universal Host Controller Interface driver
[   22.379935] i8042: PNP: PS/2 Controller [PNP0303:PS2K,PNP0f03:PS2M] at 0x60,0x64 irq 1,12
[   22.523930] serio: i8042 KBD port at 0x60,0x64 irq 1
[   22.527799] serio: i8042 AUX port at 0x60,0x64 irq 12
[   22.541634] mousedev: PS/2 mouse device common for all mice
[   22.563196] input: AT Translated Set 2 keyboard as /devices/platform/i8042/serio0/input/input2
[   22.585553] rtc_cmos rtc_cmos: rtc core: registered rtc_cmos as rtc0
[   22.598154] rtc_cmos rtc_cmos: alarms up to one day, 114 bytes nvram
[  22.612995 i /v enri dve

[   22917]deice-mapper: uevent: eron.0
[   23.346654] device-mapper: ioctl: 4.34.0-ioctl (2015-10-28) initialised: dm-devel@redhat.com
[   23.434444] ledtrig-cpu: registered to indicate activity on CPUs
[   23.493093] NET: Registered protocol family 10
[   23.530338] NET: Registered protocol family 17
[   23.583686] Key type dns_resolver registered
[   23.626639] microcode: CPU0 sig=0x306d4, pf=0x40, revision=0x0
[   23.659600] microcode: CPU1 sig=0x306d4, pf=0x40, revision=0x0
[   23.757106] microcode: Microcode Update Driver: v2.01 <tigran@aivazian.fsnet.co.uk>, Peter Oruba
[   23.843459] registered taskstats version 1
[   2.871 Ldi cmpiled-in X.09erfite

[   24.38681 LdeX.9 ert 'Bilti atogenraederl y:4c03087bb8f0acbb4fb40f7eef
[   2549131] zsw: oaded using pool lzo/zbud
[   25.663789] Key type trusted registered
[   25.710393] Key type encrypted registered
[   25.760532] AppArmor: AppArmor sha1 policy hashing enabled
[   25.761974] ima: No TPM chip found, activating TPM-bypass!
[   25.763392] evm: HMAC attrs: 0x1
[   25.791133]   Magic number: 2:313:579
[   25.820298] pci_bus 0000:00: hash matches
[   25.82146]tccmos rt_cmos sti steclk  218-01-0 :354TC(1178554)

[   6.144]IOEDfality v0.16 2004-Jun-25, 0 devicesou
[   27.163860] EDD information not avlae.
[   27.315868] Freeing unused kernel memory: 1508K
[   28.158514] Write protecting the kernel read-only data: 14336k
[   28.236348] Freeing unused kernel memory: 1728K
[   28.300579] Freeing unused kernel memory: 108K
Loading, please [   28.368457] random: systemd-udevd: uninitialized urandom read (16 bytes read, 7 bits of entropy available)
wait...
startin[   28.369234] random: udevadm: uninitialized urandom read (16 bytes read, 7 bits of entropy available)
g version 229
[   28.369264] random: udevadm: uninitialized urandom read (16 bytes read, 7 bits of entropy available)
[   28.381477] random: udevadm: uninitialized urandom read (16 bytes read, 7 bits of entropy available)
[   28.381533] random: udevadm: uninitialized urandom read (16 bytes read, 7 bits of entropy available)
[   28.381808] random: udevadm: uninitialized urandom read (16 bytes read, 7 bits of entropy available)
[   28.381885] random: udevadm: uninitialized urandom read (16 bytes read, 7 bits of entropy available)
[   28.381958] random: udevadm: uninitialized urandom read (16 bytes read, 7 bits of entropy available)
[   28.382031] random: udevadm: uninitialized urandom read (16 bytes read, 7 bits of entropy available)
[   28.382105] random: udevadm: uninitialized urandom read (16 bytes read, 7 bits of entropy available)
[   29.071876] e1000: Intel(R) PRO/1000 Network Driver - version 7.3.21-k8-NAPI
[   29.075222] e1000: Copyright (c) 1999-2006 Intel Corporation.
[   29.076916] Fusion MPT base driver 3.04.20
[   29.106040] Copyright (c) 1999-2008 LSI Corporation
[   29.120506] Fusion MPT SPI Host driver 3.04.20
[   29.146826] AVX2 version of gcm_enc/dec engaged.
[   29.149266] AES CTR mode by8 optimization enabled
[   29.319687] input: ImExPS/2 Generic Explorer Mouse as /devices/platform/i8042/serio1/input/input4
[   29.492552] e1000 0000:00:03.0 eth0: (PCI:33MHz:32-bit) 02:1f:2a:60:99:e3
[   29.562396] e1000 0000:00:03.0 eth0: Intel(R) PRO/1000 Network Connection
[   29.987190] e1000 0000:00:08.0 eth1: (PCI:33MHz:32-bit) 08:00:27:cd:12:02
[   30.070423] e1000 0000:00:08.0 eth1: Intel(R) PRO/1000 Network Connection
[   30.095977] mptbase: ioc0: Initiating bringup
[   30.096910] e1000 0000:00:08.0 enp0s8: renamed from eth1
[   30.270065] e1000 0000:00:03.0 enp0s3: renamed from eth0
[   30.325930] ioc0: LSI53C1030 A0: Capabilities={Initiator}
[   30.502115] scsi host2: ioc0: LSI53C1030 A0, FwRev=00000000h, Ports=1, MaxQ=256, IRQ=20
[   30.831191] scsi 2:0:0:0: Direct-Access     VBOX     HARDDISK         1.0  PQ: 0 ANSI: 5
[   32.153929] floppy0: no floppy controllers found
[   32.153957] scsi target2:0:0: Beginning Domain Validation
[   32.155509] scsi target2:0:0: Domain Validation skipping write tests
[   32.155510] scsi target2:0:0: Ending Domain Validation
[   32.155562] scsi target2:0:0: asynchronous
[   32.322369] scsi 2:0:1:0: Direct-Access     VBOX     HARDDISK         1.0  PQ: 0 ANSI: 5
[   32.322375] scsi target2:0:1: Beginning Domain Validation
[   32.323500] scsi target2:0:1: Domain Validation skipping write tests
[   32.323501] scsi target2:0:1: Ending Domain Validation
[   32.323567] scsi target2:0:1: asynchronous
[   32.333482] sd 2:0:0:0: [sda] 20971520 512-byte logical blocks: (10.7 GB/10.0 GiB)
[   32.333677] sd 2:0:0:0: [sda] Write Protect is off
[   32.333791] sd 2:0:0:0: [sda] Incomplete mode parameter data
[   32.333792] sd 2:0:0:0: [sda] Assuming drive cache: write through
[   32.379282] sd 2:0:0:0: Attached scsi generic sg0 type 0
[   32.379556] sd 2:0:1:0: Attached scsi generic sg1 type 0
[   32.379802] sd 2:0:1:0: [sdb] 20480 512-byte logical blocks: (10.5 MB/10.0 MiB)
[   32.380569] sd 2:0:1:0: [sdb] Write Protect is off
[   32.380739] sd 2:0:1:0: [sdb] Incomplete mode parameter data
[   32.380740] sd 2:0:1:0: [sdb] Assuming drive cache: write through
[   32.381599]  sda: sda1
[   32.382558] sd 2:0:0:0: [sda] Attached SCSI disk
[   32.383223] sd 2:0:1:0: [sdb] Attached SCSI disk
Begin: Loading e[   35.015069] md: linear personality registered for level -1
ssential drivers ... [   35.051080] md: multipath personality registered for level -4
[   35.125705] md: raid0 personality registered for level 0
[   35.193441] md: raid1 personality registered for level 1
[   35.313726] raid6: sse2x1   gen()  7595 MB/s
[   35.437873] raid6: sse2x1   xor()  6277 MB/s
[   35.518094] raid6: sse2x2   gen()  9755 MB/s
[   35.629695] raid6: sse2x2   xor()  6729 MB/s
[   35.761749] raid6: sse2x4   gen() 10468 MB/s
[   35.889640] raid6: sse2x4   xor()  7369 MB/s
[   35.961797] raid6: avx2x1   gen() 14208 MB/s
[   36.073723] raid6: avx2x2   gen() 11767 MB/s
[   36.189813] raid6: avx2x4   gen() 21047 MB/s
[   36.242528] raid6: using algorithm avx2x4 gen() 21047 MB/s
[   36.320900] raid6: using avx2x2 recovery algorithm
[   36.399492] xor: automatically using best checksumming function:
[   36.605648]    avx       : 48470.000 MB/sec
[   36.695930] async_tx: api initialized (async)
[   36.767304] md: raid6 personality registered for level 6
[   36.803627] md: raid5 personality registered for level 5
[   36.865475] md: raid4 personality registered for level 4
[   36.890745] md: raid10 personality registered for level 10
done.
Begin: Running /scripts/init-premount ... done.
Begin: Mounting root file system ... Begin: Running /scripts/local-top ... done.
Begin: Running /scripts/local-premount[   36.925719] Btrfs loaded
 ... Scanning for Btrfs filesystems
done.
Warning: fsck no[   37.051885] EXT4-fs (sda1): mounted filesystem with ordered data mode. Opts: (null)
t present, so skipping root file system
done.
Begin: Running /scripts/local-bottom ... done.
Begin: Running /scripts/init-bottom ... done.
[   32864sytemd[1]: systemd 229 running in system mo. +PAM +ADI+SELINUX +IM +PAORSMK YSNI+UMPLIBCRYPTSETP +GRYPT +GNTLS+ACL+X -LZ4 +SCO +KI+EUTLS +KMOD -IDN)
[   38.662225] systemd[1]: Detected virtualization oracle.
[   38.6639]ysmd]:ettearitture 86-64.

Welcome to [1mUbuntu 16.04.3 LTS[0m!

[ 394351]systemd[1]:Sehona to ubuntu-xenal
[   40.2664 rdo nnbocing pols initializd
[ 4106375] systemd[1]: Listening on Journal Socket.
[[0;32m  OK  [0m] Listening on Journal Socket.
[   1.900]ystemd[1]: Reached tart ap
[[0;32m  OK  [0m] Reached target Swap.
[  41.55326] system[1 Cat sceseanSeio Slie.
[[0;32m  OK  [0m] Created slice User and Session Slice.
[   4.20179]ysmd]:reedli System Slie.
[[0;32m  OK  [0m] Created slice System Slice.
[   43.226225] systemd[1]: Mounting POSIX Message Queue File System...
         Mounting POSIX Message Queue File System...
[  42913 sted[: eached tageUs ad Group NamLokups.

[[0;32m  OK  [0m] Reached target User and Group Name Lookups.
[  49764] systemd[1]: Crete slice system-serial\x2dgetty.slice.
[[0;32m  OK  [0m] Created slice system-serial\x2dgetty.slice.
[ 44246614] systemd[1]: Reached target Slices.

[[0;32m  OK  [0m] Reached target Slices.
[   44.363938] systemd[1]: Listening on Journal Socket (/dev/log).
[[0;32m  OK  [0m] Listening on Journal Socket (/dev/log).
[   44.410780] systemd[1]: Starting Load Kernel Modules...
         Starting Load Kernel Modules...
[   44.419501] systemd[1]: Starting Nameserver information manager...
         [   44.431846] Loading iSCSI transport class v2.0-870.
Starting Nameserver information manager...
[   44.444972] iscsi: registered transport (tcp)
[   44.475153] systemd[1]: Reached target Encrypted Volumes.
[[0;32m  OK  [0m] Reached target Encrypted Volumes.
[   44.525242] systemd[1]: Listening on Device-mapper event daemon FIFOs.
[[0;32m  OK  [0m] Listening on Device-mapper event daemon FIFOs.
[   44.537558] systemd[1]: Listening on /dev/initctl Compatibility Named Pipe.
[[0;32m  OK  [0m] Listening on /dev/initctl Compatibility Named Pipe.
[   44.557067] systemd[1]: Listening on Journal Audit Socket.
[[0;32m  OK  [0[   44.608332] iscsi: registered transport (iser)
m] Listening on Journal Audit Socket.
[   44.691424] systemd[1]: Listening on Syslog Socket.
[[0;32m  OK  [0m] Listening on Syslog Socket.
[   44.734174] systemd[1]: Starting Journal Service...
         Starting Journal Service...
[   44.740841] systemd[1]: Listening on udev Control Socket.
[[0;32m  OK  [0m] Listening on udev Control Socket.
[   44.806587] systemd[1]: Starting Remount Root and Kernel File Systems...
         Starting Remount[   44.822517] EXT4-fs (sda1): re-mounted. Opts: (null)
 Root and Kernel File Systems...
[   4.944]systd[1]: Set u automount Arbitrary ecab Fe ortsFile System Automount Point.
[[0;32m  OK  [0m] Set up automount Arbitrary Executab...ats File System Automount Point.
[  45.60587]ysmd1]StteFowad Passwod equests to Wall Directory Watch.
[[0;32m  OK  [0m] Started Forward Password Requests to Wall Directory Watch.
[   46.270215] systemd[1]: Mounting Huge Pages File System...
         Mounting Huge Pages File System...
[   46.406569] systemd[1]: Starting Uncomplicated firewall...
         Starting Uncomplicated firewall...
[   46.526193] systemd[1]: Starting Set console keymap...
         Starting Set console keymap...
[   46.626596] systemd[1]: Started Trigger resolvconf update for networkd DNS.
[[0;32m  OK  [0m] Started Trigger resolvconf update for networkd DNS.
[   4.769 ste[1 Ltein on LVM2 meada daem sket.

[[0;32m  OK  [0m] Listening on LVM2 metadata daemon socket.
[   47.410363] systemd[1]: Starting Create list of required static device nodes for the current kernel...
         Starting Create list of required st... nodes for the current kernel...
[ 47.586926] systed[: sting oud KneSoet
[[0;32m  OK  [0m] Listening on udev Kernel Socket.
[   48.214321] systemd[1]: Starting Monitoring of LVM2 mirrors, snapshots etc. using dmeventd or progress polling...
         Starting Monitoring of LVM2 mirrors... dmeventd or progress polling...
[   48.402294] systemd[1]: Mounting Debug File System...
         Mounting Debug File System...
[  44708system[1 Ltengn M2oldamosocket.
[[0;32m  OK  [0m] Listening on LVM2 poll daemon socket.
[   49.547610] systemd[1]: Mounted Huge Pages File System.
[[0;32m  OK  [0m] Mounted Huge Pages File System.
[   49.63888] stemd1] Mounted Debug FileSyem

[[0;32m  OK  [0m] Mounted Debug File System.
[ 5026356] systemd1]: Mont PIXesagQuue leysm.
[[0;32m  OK  [0m] Mounted POSIX Message Queue File System.
[   50.7822]ysmd]:taedounaSevice.
[[0;32m  OK  [0m] Started Journal Service.
[[0;32m  OK  [0m] Started Load Kernel Modules.
[[0;32m  OK  [0m] Started Remount Root and Kernel File Systems.
[[0;32m  OK  [0m] Started Uncomplicated firewall.
[[0;32m  OK  [0m] Started Set console keymap.
[[0;32m  OK  [0m] Started Create list of required sta...ce nodes for the current kernel.
[[0;32m  OK  [0m] Started Nameserver information manager.
[[0;32m  OK  [0m] Started LVM2 metadata daemon.
         Starting Create Static Device Nodes in /dev...
         Starting Initial cloud-init job (pre-networking)...
         Starting udev Coldplug all Devices...
         Starting Load/Save Random Seed...
         Mounting FUSE Control File System...
         Starting Apply Kernel Variables...
         Starting Flush Journal to Persistent Storage...
[[0;32m  OK  [0m] Mounted FUSE Control File System.
[[0;32m  OK  [0m] Started Create Static Device Nodes in /dev.
[[0;32m  OK  [0m] Started Monitoring of LVM2 mirrors,...ng dmeventd or progress polling.
[[0;32m  OK  [0m] Started Load/Save Random Seed.
[[0;32m  OK  [0m] Started Apply Kernel Variables.
[[0;32m  OK  [0m] Started udev Coldplug all Devices.
[[0;32m  OK  [0m] Started Flush Journal to Persistent Storage.
         Starting udev Kernel Device Manager...
[[0;32m  OK  [0m] Started udev Kernel Device Manager.
[[0;32m  OK  [0m] Reached target Local File Systems (Pre).
[[0;32m  OK  [0m] Reached target Local File Systems.
         Starting Tell Plymouth To Write Out Runtime Data...
         Starting LSB: AppArmor initialization...
         Starting Set console font and keymap...
         Starting Create Volatile Files and Directories...
[[0;32m  OK  [0m] Started Dispatch Password Requests to Console Directory Watch.
[[0;32m  OK  [0m] Started Tell Plymouth To Write Out Runtime Data.
[[0;32m  OK  [0m] Started Create Volatile Files and Directories.
[[0;32m  OK  [0m] Found device /dev/ttyS0.
[[0;32m  OK  [0m] Reached target System Time Synchronized.
         Starting Update UTMP about System Boot/Shutdown...
[[0;32m  OK  [0m] Started LSB: AppArmor initialization.
[[0;32m  OK  [0m] Started Update UTMP about System Boot/Shutdown.
[[0;32m  OK  [0m] Started Set console font and keymap.
[[0;32m  OK  [0m] Found device 82540EM Gigabit Ethern...r (PRO/1000 MT Desktop Adapter).
[[0;32m  OK  [0m] Listening on Load/Save RF Kill Switch Status /dev/rfkill Watch.
[[0;32m  OK  [0m] Created slice system-getty.slice.
[   40.035625] cloud-init[452]: Cloud-init v. 17.1 running 'init-local' at Tue, 30 Jan 2018 10:36:21 +0000. Up 39.51 seconds.
[[0;32m  OK  [0m] Found device 82540EM Gigabit Ethern...r (PRO/1000 MT Desktop Adapter).
[[0;32m  OK  [0m] Started Initial cloud-init job (pre-networking).
[[0;32m  OK  [0m] Reached target Network (Pre).
[[0;32m  OK  [0m] Started ifup for enp0s3.
         Starting Raise network interfaces...
[[0;32m  OK  [0m] Started ifup for enp0s8.
[[0;32m  OK  [0m] Started Raise network interfaces.
         Starting Initial cloud-init job (metadata service crawler)...
[[0;32m  OK  [0m] Reached target Network.
[   43.025059] cloud-init[1063]: Cloud-init v. 17.1 running 'init' at Tue, 30 Jan 2018 10:36:24 +0000. Up 42.54 seconds.
[   43.068837] cloud-init[1063]: ci-info: ++++++++++++++++++++++++++++++++++++++Net device info++++++++++++++++++++++++++++++++++++++
[[0;32m  OK  [0m] Started Initial cloud-init job (metadata service crawler).
[   43.218543] cloud-init[1063]: ci-info: +--------+------+-----------------------------+---------------+-------+-------------------+
[   43.416766] cloud-init[1063]: ci-info: | Device |  Up  |           Address           |      Mask     | Scope |     Hw-Address    |
[   43.536828] cloud-init[1063]: ci-info: +--------+------+-----------------------------+---------------+-------+-------------------+
[   43.636754] cloud-init[1063]: ci-info: | enp0s3 | True |          10.0.2.15          | 255.255.255.0 |   .   | 02:1f:2a:60:99:e3 |
[[0;32m  OK  [0m[   43.696448] cloud-init[1063]: ci-info: | enp0s3 | True |  fe80::1f:2aff:fe60:99e3/64 |       .       |  link | 02:1f:2a:60:99:e3 |
[   43.697144] cloud-init[1063]: ci-info: | enp0s8 | True |        192.168.10.150       | 255.255.255.0 |   .   | 08:00:27:cd:12:02 |
[   43.697301] cloud-init[1063]: ci-info: | enp0s8 | True | fe80::a00:27ff:fecd:1202/64 |       .       |  link | 08:00:27:cd:12:02 |
[   43.697400] cloud-init[1063]: ci-info: |   lo   | True |          127.0.0.1          |   255.0.0.0   |   .   |         .         |
[   43.697495] cloud-init[1063]: ci-info: |   lo   | True |           ::1/128           |       .       |  host |         .         |
[   43.697589] cloud-init[1063]: ci-info: +--------+------+-----------------------------+---------------+-------+-------------------+
[   43.697696] cloud-init[1063]: ci-info: ++++++++++++++++++++++++++++Route IPv4 info++++++++++++++++++++++++++++
[   43.697793] cloud-init[1063]: ci-info: +-------+--------------+----------+---------------+-----------+-------+
[   43.697890] cloud-init[1063]: ci-info: | Route | Destination  | Gateway  |    Genmask    | Interface | Flags |
[   43.697987] cloud-init[1063]: ci-info: +-------+--------------+----------+---------------+-----------+-------+
[   43.698081] cloud-init[1063]: ci-info: |   0   |   0.0.0.0    | 10.0.2.2 |    0.0.0.0    |   enp0s3  |   UG  |
[   43.698177] cloud-init[1063]: ci-info: |   1   |   10.0.2.0   | 0.0.0.0  | 255.255.255.0 |   enp0s3  |   U   |
[   43.698271] cloud-init[1063]: ci-info: |   2   | 192.168.10.0 | 0.0.0.0  | 255.255.255.0 |   enp0s8  |   U   |
[   43.698367] cloud-init[1063]: ci-info: +-------+--------------+----------+---------------+-----------+-------+
] Reached target Cloud-config availability.
[[0;32m  OK  [0m] Reached target System Initialization.
[[0;32m  OK  [0m] Started ACPI Events Check.
[[0;32m  OK  [0m] Reached target Paths.
[[0;32m  OK  [0m] Listening on ACPID Listen Socket.
[[0;32m  OK  [0m] Listening on UUID daemon activation socket.
[[0;32m  OK  [0m] Listening on D-Bus System Message Bus Socket.
[[0;32m  OK  [0m] Started Daily Cleanup of Temporary Directories.
         Starting Socket activation for snappy daemon.
         Starting LXD - unix socket.
[[0;32m  OK  [0m] Started Timer to automatically refresh installed snaps.
[[0;32m  OK  [0m] Reached target Network is Online.
         Starting iSCSI initiator daemon (iscsid)...
[[0;32m  OK  [0m] Started Daily apt download activities.
[[0;32m  OK  [0m] Started Daily apt upgrade and clean activities.
[[0;32m  OK  [0m] Reached target Timers.
[[0;32m  OK  [0m] Listening on Socket activation for snappy daemon.
[[0;32m  OK  [0m] Listening on LXD - unix socket.
[[0;32m  OK  [0m] Reached target Sockets.
[[0;32m  OK  [0m] Reached target Basic System.
         Starting OpenBSD Secure Shell server...
         Starting LXD - container startup/shutdown...
         Starting /etc/rc.local Compatibility...
[[0;32m  OK  [0m] Started D-Bus System Message Bus.
[[0;32m  OK  [0m] Started Regular background program processing daemon.
[[0;32m  OK  [0m] Started FUSE filesystem for LXC.
         Starting Snappy daemon...
         Starting LSB: MD monitoring daemon...
[[0;32m  OK  [0m] Started Deferred execution scheduler.
         Starting Login Service...
         Starting System Logging Service...
[[0;32m  OK  [0m] Started Unattended Upgrades Shutdown.
         Starting Apply the settings specified in cloud-config...
         Starting Accounts Service...
         Starting LSB: Record successful boot for GRUB...
[[0;32m  OK  [0m] Started ACPI event daemon.
[[0;32m  OK  [0m] Started OpenBSD Secure Shell server.
[[0;32m  OK  [0m] Started System Logging Service.
[[0;32m  OK  [0m] Started Snappy daemon.
[[0;32m  OK  [0m] Started iSCSI initiator daemon (iscsid).
[[0;32m  OK  [0m] Started LXD - container startup/shutdown.
[[0;32m  OK  [0m] Started /etc/rc.local Compatibility.
[[0;32m  OK  [0m] Started Login Service.
[[0;32m  OK  [0m] Started LSB: MD monitoring daemon.
[[0;32m  OK  [0m] Started LSB: Record successful boot for GRUB.
         Starting Authenticate and Authorize Users to Run Privileged Tasks...
         Starting Login to default iSCSI targets...
[[0;32m  OK  [0m] Started Authenticate and Authorize Users to Run Privileged Tasks.
[[0;32m  OK  [0m] Started Accounts Service.
[[0;32m  OK  [0m] Started Login to default iSCSI targets.
[[0;32m  OK  [0m] Reached target Remote File Systems (Pre).
[[0;32m  OK  [0m] Reached target Remote File Systems.
         Starting LSB: daemon to balance interrupts for SMP systems...
         Starting Permit User Sessions...
         Starting LSB: VirtualBox Linux Additions...
         Starting LSB: Set the CPU Frequency Scaling governor to "ondemand"...
         Starting LSB: automatic crash report generation...
[[0;32m  OK  [0m] Started Permit User Sessions.
[   48.532903] cloud-init[1163]: Cloud-init v. 17.1 running 'modules:config' at Tue, 30 Jan 2018 10:36:30 +0000. Up 48.17 seconds.
[[0;32m  OK  [0m] Started Apply the settings specified in cloud-config.
[[0;32m  OK  [0m] Started LSB: daemon to balance interrupts for SMP systems.
[[0;32m  OK  [0m] Started LSB: Set the CPU Frequency Scaling governor to "ondemand".
[[0;32m  OK  [0m] Created slice User Slice of vagrant.
[[0;32m  OK  [0m] Started Session 1 of user vagrant.
         Starting User Manager for UID 1000...
         Starting Terminate Plymouth Boot Screen...
         Starting Hold until boot process finishes up...
[[0;32m  OK  [0m] Started User Manager for UID 1000.
[[0;32m  OK  [0m] Started LSB: VirtualBox Linux Additions.
[[0;32m  OK  [0m] Started LSB: automatic crash report generation.
[[0;32m  OK  [0m] Started Terminate Plymouth Boot Screen.
[[0;32m  OK  [0m] Started Hold until boot process finishes up.
[[0;32m  OK  [0m] Started Serial Getty on ttyS0.
         Starting Set console scheme...
[[0;32m  OK  [0m] Started Getty on tty1.
[[0;32m  OK  [0m] Reached target Login Prompts.
[[0;32m  OK  [0m] Reached target Multi-User System.
[[0;32m  OK  [0m] Reached target Graphical Interface.
         Starting Update UTMP about System Runlevel Changes...
         Starting Execute cloud user/final scripts...
[[0;32m  OK  [0m] Started Set console scheme.
[[0;32m  OK  [0m] Started Update UTMP about System Runlevel Changes.
[   50.298730] cloud-init[1313]: Cloud-init v. 17.1 running 'modules:final' at Tue, 30 Jan 2018 10:36:32 +0000. Up 50.10 seconds.
[   50.373270] cloud-init[1313]: Cloud-init v. 17.1 finished at Tue, 30 Jan 2018 10:36:32 +0000. Datasource DataSourceNoCloud [seed=/dev/sdb][dsmode=net].  Up 50.28 seconds
[[0;32m  OK  [0m] Started Execute cloud user/final scripts.
[[0;32m  OK  [0m] Reached target Cloud-init target.

Ubuntu 16.04.3 LTS ubuntu-xenial ttyS0

ubuntu-xenial login: 